I'm sorry, but errors were detected in your script. Please correct the
errors listed below, and try again.


File "game/scene5.rpy", line 373: is not terminated with a newline. (Check strings and parenthesis.)
(Perhaps you left out a " at the end of the first line.)
        play sound "audio/fx/flashback.mp3" volume 0.2"

Ren'Py Version: Ren'Py 7.4.11.2266
Sat Sep  3 11:44:08 2022
